Archive member included to satisfy reference by file (symbol)

C:/ST/STM32CubeIDE_1.17.0/STM32CubeIDE/plugins/com.st.stm32cube.ide.mcu.externaltools.gnu-tools-for-stm32.13.3.rel1.win32_1.0.0.202411081344/tools/bin/../lib/gcc/arm-none-eabi/13.3.1/../../../../arm-none-eabi/lib/thumb/v7e-m+fp/hard\libc_nano.a(libc_a-exit.o)
                              C:/ST/STM32CubeIDE_1.17.0/STM32CubeIDE/plugins/com.st.stm32cube.ide.mcu.externaltools.gnu-tools-for-stm32.13.3.rel1.win32_1.0.0.202411081344/tools/bin/../lib/gcc/arm-none-eabi/13.3.1/../../../../arm-none-eabi/lib/thumb/v7e-m+fp/hard/crt0.o (exit)
C:/ST/STM32CubeIDE_1.17.0/STM32CubeIDE/plugins/com.st.stm32cube.ide.mcu.externaltools.gnu-tools-for-stm32.13.3.rel1.win32_1.0.0.202411081344/tools/bin/../lib/gcc/arm-none-eabi/13.3.1/../../../../arm-none-eabi/lib/thumb/v7e-m+fp/hard\libc_nano.a(libc_a-findfp.o)
                              C:/ST/STM32CubeIDE_1.17.0/STM32CubeIDE/plugins/com.st.stm32cube.ide.mcu.externaltools.gnu-tools-for-stm32.13.3.rel1.win32_1.0.0.202411081344/tools/bin/../lib/gcc/arm-none-eabi/13.3.1/../../../../arm-none-eabi/lib/thumb/v7e-m+fp/hard\libc_nano.a(libc_a-exit.o) (__stdio_exit_handler)
C:/ST/STM32CubeIDE_1.17.0/STM32CubeIDE/plugins/com.st.stm32cube.ide.mcu.externaltools.gnu-tools-for-stm32.13.3.rel1.win32_1.0.0.202411081344/tools/bin/../lib/gcc/arm-none-eabi/13.3.1/../../../../arm-none-eabi/lib/thumb/v7e-m+fp/hard\libc_nano.a(libc_a-fwalk.o)
                              C:/ST/STM32CubeIDE_1.17.0/STM32CubeIDE/plugins/com.st.stm32cube.ide.mcu.externaltools.gnu-tools-for-stm32.13.3.rel1.win32_1.0.0.202411081344/tools/bin/../lib/gcc/arm-none-eabi/13.3.1/../../../../arm-none-eabi/lib/thumb/v7e-m+fp/hard\libc_nano.a(libc_a-findfp.o) (_fwalk_sglue)
C:/ST/STM32CubeIDE_1.17.0/STM32CubeIDE/plugins/com.st.stm32cube.ide.mcu.externaltools.gnu-tools-for-stm32.13.3.rel1.win32_1.0.0.202411081344/tools/bin/../lib/gcc/arm-none-eabi/13.3.1/../../../../arm-none-eabi/lib/thumb/v7e-m+fp/hard\libc_nano.a(libc_a-stdio.o)
                              C:/ST/STM32CubeIDE_1.17.0/STM32CubeIDE/plugins/com.st.stm32cube.ide.mcu.externaltools.gnu-tools-for-stm32.13.3.rel1.win32_1.0.0.202411081344/tools/bin/../lib/gcc/arm-none-eabi/13.3.1/../../../../arm-none-eabi/lib/thumb/v7e-m+fp/hard\libc_nano.a(libc_a-findfp.o) (__sread)
C:/ST/STM32CubeIDE_1.17.0/STM32CubeIDE/plugins/com.st.stm32cube.ide.mcu.externaltools.gnu-tools-for-stm32.13.3.rel1.win32_1.0.0.202411081344/tools/bin/../lib/gcc/arm-none-eabi/13.3.1/../../../../arm-none-eabi/lib/thumb/v7e-m+fp/hard\libc_nano.a(libc_a-memset.o)
                              C:/ST/STM32CubeIDE_1.17.0/STM32CubeIDE/plugins/com.st.stm32cube.ide.mcu.externaltools.gnu-tools-for-stm32.13.3.rel1.win32_1.0.0.202411081344/tools/bin/../lib/gcc/arm-none-eabi/13.3.1/../../../../arm-none-eabi/lib/thumb/v7e-m+fp/hard/crt0.o (memset)
C:/ST/STM32CubeIDE_1.17.0/STM32CubeIDE/plugins/com.st.stm32cube.ide.mcu.externaltools.gnu-tools-for-stm32.13.3.rel1.win32_1.0.0.202411081344/tools/bin/../lib/gcc/arm-none-eabi/13.3.1/../../../../arm-none-eabi/lib/thumb/v7e-m+fp/hard\libc_nano.a(libc_a-closer.o)
                              C:/ST/STM32CubeIDE_1.17.0/STM32CubeIDE/plugins/com.st.stm32cube.ide.mcu.externaltools.gnu-tools-for-stm32.13.3.rel1.win32_1.0.0.202411081344/tools/bin/../lib/gcc/arm-none-eabi/13.3.1/../../../../arm-none-eabi/lib/thumb/v7e-m+fp/hard\libc_nano.a(libc_a-stdio.o) (_close_r)
C:/ST/STM32CubeIDE_1.17.0/STM32CubeIDE/plugins/com.st.stm32cube.ide.mcu.externaltools.gnu-tools-for-stm32.13.3.rel1.win32_1.0.0.202411081344/tools/bin/../lib/gcc/arm-none-eabi/13.3.1/../../../../arm-none-eabi/lib/thumb/v7e-m+fp/hard\libc_nano.a(libc_a-reent.o)
                              C:/ST/STM32CubeIDE_1.17.0/STM32CubeIDE/plugins/com.st.stm32cube.ide.mcu.externaltools.gnu-tools-for-stm32.13.3.rel1.win32_1.0.0.202411081344/tools/bin/../lib/gcc/arm-none-eabi/13.3.1/../../../../arm-none-eabi/lib/thumb/v7e-m+fp/hard\libc_nano.a(libc_a-closer.o) (errno)
C:/ST/STM32CubeIDE_1.17.0/STM32CubeIDE/plugins/com.st.stm32cube.ide.mcu.externaltools.gnu-tools-for-stm32.13.3.rel1.win32_1.0.0.202411081344/tools/bin/../lib/gcc/arm-none-eabi/13.3.1/../../../../arm-none-eabi/lib/thumb/v7e-m+fp/hard\libc_nano.a(libc_a-impure.o)
                              C:/ST/STM32CubeIDE_1.17.0/STM32CubeIDE/plugins/com.st.stm32cube.ide.mcu.externaltools.gnu-tools-for-stm32.13.3.rel1.win32_1.0.0.202411081344/tools/bin/../lib/gcc/arm-none-eabi/13.3.1/../../../../arm-none-eabi/lib/thumb/v7e-m+fp/hard\libc_nano.a(libc_a-reent.o) (_impure_ptr)
C:/ST/STM32CubeIDE_1.17.0/STM32CubeIDE/plugins/com.st.stm32cube.ide.mcu.externaltools.gnu-tools-for-stm32.13.3.rel1.win32_1.0.0.202411081344/tools/bin/../lib/gcc/arm-none-eabi/13.3.1/../../../../arm-none-eabi/lib/thumb/v7e-m+fp/hard\libc_nano.a(libc_a-lseekr.o)
[...]
Memory Configuration

Name             Origin             Length             Attributes
CCMSRAM          0x10000000         0x00002800         xrw
RAM              0x20000000         0x00008000         xrw
FLASH            0x08000000         0x00020000         xr
*default*        0x00000000         0xffffffff

Linker script and memory map

LOAD C:/ST/STM32CubeIDE_1.17.0/STM32CubeIDE/plugins/com.st.stm32cube.ide.mcu.externaltools.gnu-tools-for-stm32.13.3.rel1.win32_1.0.0.202411081344/tools/bin/../lib/gcc/arm-none-eabi/13.3.1/thumb/v7e-m+fp/hard/crti.o
LOAD C:/ST/STM32CubeIDE_1.17.0/STM32CubeIDE/plugins/com.st.stm32cube.ide.mcu.externaltools.gnu-tools-for-stm32.13.3.rel1.win32_1.0.0.202411081344/tools/bin/../lib/gcc/arm-none-eabi/13.3.1/thumb/v7e-m+fp/hard/crtbegin.o
LOAD C:/ST/STM32CubeIDE_1.17.0/STM32CubeIDE/plugins/com.st.stm32cube.ide.mcu.externaltools.gnu-tools-for-stm32.13.3.rel1.win32_1.0.0.202411081344/tools/bin/../lib/gcc/arm-none-eabi/13.3.1/../../../../arm-none-eabi/lib/thumb/v7e-m+fp/hard/crt0.o
LOAD ./Src/Systemclock.o
LOAD ./Src/encoder.o
LOAD ./Src/gpio.o
LOAD ./Src/main.o
LOAD ./Src/motor.o
LOAD ./Src/pid.o
LOAD ./Src/pwm.o
LOAD ./Src/spi.o
LOAD ./Src/syscalls.o
LOAD ./Src/sysmem.o
LOAD ./Src/uart.o
LOAD ./Startup/startup_stm32g441cbtx.o
START GROUP
LOAD C:/ST/STM32CubeIDE_1.17.0/STM32CubeIDE/plugins/com.st.stm32cube.ide.mcu.externaltools.gnu-tools-for-stm32.13.3.rel1.win32_1.0.0.202411081344/tools/bin/../lib/gcc/arm-none-eabi/13.3.1/../../../../arm-none-eabi/lib/thumb/v7e-m+fp/hard\libc_nano.a
LOAD C:/ST/STM32CubeIDE_1.17.0/STM32CubeIDE/plugins/com.st.stm32cube.ide.mcu.externaltools.gnu-tools-for-stm32.13.3.rel1.win32_1.0.0.202411081344/tools/bin/../lib/gcc/arm-none-eabi/13.3.1/../../../../arm-none-eabi/lib/thumb/v7e-m+fp/hard\libm.a
END GROUP
START GROUP
LOAD C:/ST/STM32CubeIDE_1.17.0/STM32CubeIDE/plugins/com.st.stm32cube.ide.mcu.externaltools.gnu-tools-for-stm32.13.3.rel1.win32_1.0.0.202411081344/tools/bin/../lib/gcc/arm-none-eabi/13.3.1/thumb/v7e-m+fp/hard\libgcc.a
LOAD C:/ST/STM32CubeIDE_1.17.0/STM32CubeIDE/plugins/com.st.stm32cube.ide.mcu.externaltools.gnu-tools-for-stm32.13.3.rel1.win32_1.0.0.202411081344/tools/bin/../lib/gcc/arm-none-eabi/13.3.1/../../../../arm-none-eabi/lib/thumb/v7e-m+fp/hard\libc_nano.a
END GROUP
START GROUP
LOAD C:/ST/STM32CubeIDE_1.17.0/STM32CubeIDE/plugins/com.st.stm32cube.ide.mcu.externaltools.gnu-tools-for-stm32.13.3.rel1.win32_1.0.0.202411081344/tools/bin/../lib/gcc/arm-none-eabi/13.3.1/thumb/v7e-m+fp/hard\libgcc.a
LOAD C:/ST/STM32CubeIDE_1.17.0/STM32CubeIDE/plugins/com.st.stm32cube.ide.mcu.externaltools.gnu-tools-for-stm32.13.3.rel1.win32_1.0.0.202411081344/tools/bin/../lib/gcc/arm-none-eabi/13.3.1/../../../../arm-none-eabi/lib/thumb/v7e-m+fp/hard\libc_nano.a
LOAD C:/ST/STM32CubeIDE_1.17.0/STM32CubeIDE/plugins/com.st.stm32cube.ide.mcu.externaltools.gnu-tools-for-stm32.13.3.rel1.win32_1.0.0.202411081344/tools/bin/../lib/gcc/arm-none-eabi/13.3.1/../../../../arm-none-eabi/lib/thumb/v7e-m+fp/hard\libnosys.a
END GROUP
START GROUP
LOAD C:/ST/STM32CubeIDE_1.17.0/STM32CubeIDE/plugins/com.st.stm32cube.ide.mcu.externaltools.gnu-tools-for-stm32.13.3.rel1.win32_1.0.0.202411081344/tools/bin/../lib/gcc/arm-none-eabi/13.3.1/thumb/v7e-m+fp/hard\libgcc.a
LOAD C:/ST/STM32CubeIDE_1.17.0/STM32CubeIDE/plugins/com.st.stm32cube.ide.mcu.externaltools.gnu-tools-for-stm32.13.3.rel1.win32_1.0.0.202411081344/tools/bin/../lib/gcc/arm-none-eabi/13.3.1/../../../../arm-none-eabi/lib/thumb/v7e-m+fp/hard\libc_nano.a
LOAD C:/ST/STM32CubeIDE_1.17.0/STM32CubeIDE/plugins/com.st.stm32cube.ide.mcu.externaltools.gnu-tools-for-stm32.13.3.rel1.win32_1.0.0.202411081344/tools/bin/../lib/gcc/arm-none-eabi/13.3.1/../../../../arm-none-eabi/lib/thumb/v7e-m+fp/hard\libnosys.a
END GROUP
LOAD C:/ST/STM32CubeIDE_1.17.0/STM32CubeIDE/plugins/com.st.stm32cube.ide.mcu.externaltools.gnu-tools-for-stm32.13.3.rel1.win32_1.0.0.202411081344/tools/bin/../lib/gcc/arm-none-eabi/13.3.1/thumb/v7e-m+fp/hard/crtend.o
LOAD C:/ST/STM32CubeIDE_1.17.0/STM32CubeIDE/plugins/com.st.stm32cube.ide.mcu.externaltools.gnu-tools-for-stm32.13.3.rel1.win32_1.0.0.202411081344/tools/bin/../lib/gcc/arm-none-eabi/13.3.1/thumb/v7e-m+fp/hard/crtn.o
                0x20008000                        _estack = (ORIGIN (RAM) + LENGTH (RAM))
                0x00000200                        _Min_Heap_Size = 0x200
                0x00000400                        _Min_Stack_Size = 0x400

.isr_vector     0x08000000      0x1d8
                0x08000000                        . = ALIGN (0x4)
 *(.isr_vector)
 .isr_vector    0x08000000      0x1d8 ./Startup/startup_stm32g441cbtx.o
                0x08000000                g_pfnVectors
                0x080001d8                        . = ALIGN (0x4)

.text           0x080001d8     0x1828
                0x080001d8                        . = ALIGN (0x4)
 *(.text)
 .text          0x080001d8       0x40 C:/ST/STM32CubeIDE_1.17.0/STM32CubeIDE/plugins/com.st.stm32cube.ide.mcu.externaltools.gnu-tools-for-stm32.13.3.rel1.win32_1.0.0.202411081344/tools/bin/../lib/gcc/arm-none-eabi/13.3.1/thumb/v7e-m+fp/hard/crtbegin.o
 .text          0x08000218      0x254 C:/ST/STM32CubeIDE_1.17.0/STM32CubeIDE/plugins/com.st.stm32cube.ide.mcu.externaltools.gnu-tools-for-stm32.13.3.rel1.win32_1.0.0.202411081344/tools/bin/../lib/gcc/arm-none-eabi/13.3.1/thumb/v7e-m+fp/hard\libgcc.a(_arm_muldf3.o)
                0x08000218                __muldf3
                0x08000218                __aeabi_dmul
 .text          0x0800046c      0x378 C:/ST/STM32CubeIDE_1.17.0/STM32CubeIDE/plugins/com.st.stm32cube.ide.mcu.externaltools.gnu-tools-for-stm32.13.3.rel1.win32_1.0.0.202411081344/tools/bin/../lib/gcc/arm-none-eabi/13.3.1/thumb/v7e-m+fp/hard\libgcc.a(_arm_addsubdf3.o)
                0x0800046c                __aeabi_drsub
                0x08000474                __aeabi_dsub
                0x08000474                __subdf3
                0x08000478                __aeabi_dadd
                0x08000478                __adddf3
                0x080006f0                __floatunsidf
                0x080006f0                __aeabi_ui2d
                0x08000710                __floatsidf
                0x08000710                __aeabi_i2d
                0x08000734                __aeabi_f2d
                0x08000734                __extendsfdf2
                0x08000778                __floatundidf
                0x08000778                __aeabi_ul2d
                0x08000788                __floatdidf
                0x08000788                __aeabi_l2d
 .text          0x080007e4       0xa0 C:/ST/STM32CubeIDE_1.17.0/STM32CubeIDE/plugins/com.st.stm32cube.ide.mcu.externaltools.gnu-tools-for-stm32.13.3.rel1.win32_1.0.0.202411081344/tools/bin/../lib/gcc/arm-none-eabi/13.3.1/thumb/v7e-m+fp/hard\libgcc.a(_arm_truncdfsf2.o)
                0x080007e4                __truncdfsf2
                0x080007e4                __aeabi_d2f
 *(.text*)
 .text.clk_init
                0x08000884       0xcc ./Src/Systemclock.o
                0x08000884                clk_init
 .text.__NVIC_EnableIRQ
                0x08000950       0x3c ./Src/encoder.o
 .text.Encoder_init
                0x0800098c      0x178 ./Src/encoder.o
                0x0800098c                Encoder_init
 .text.GetValueEncoder
                0x08000b04       0x60 ./Src/encoder.o
                0x08000b04                GetValueEncoder
 .text.TIM3_IRQHandler
                0x08000b64       0x54 ./Src/encoder.o
                0x08000b64                TIM3_IRQHandler
 .text.TIM4_IRQHandler
                0x08000bb8       0x54 ./Src/encoder.o
                0x08000bb8                TIM4_IRQHandler
 .text.GPIO_pinMode
                0x08000c0c      0x1bc ./Src/gpio.o
                0x08000c0c                GPIO_pinMode
 .text.GPIO_write
                0x08000dc8       0x4a ./Src/gpio.o
                0x08000dc8                GPIO_write
 *fill*         0x08000e12        0x2 
 .text.main     0x08000e14       0x8c ./Src/main.o
                0x08000e14                main
 .text.TIM7_IRQHandler
                0x08000ea0       0x9c ./Src/main.o
                0x08000ea0                TIM7_IRQHandler
 .text.SPI2_IRQHandler
                0x08000f3c       0x40 ./Src/main.o
                0x08000f3c                SPI2_IRQHandler
 .text.__NVIC_EnableIRQ
                0x08000f7c       0x3c ./Src/motor.o
 .text.__NVIC_SetPriority
                0x08000fb8       0x54 ./Src/motor.o
 .text.motor_init
                0x0800100c       0x14 ./Src/motor.o
                0x0800100c                motor_init
 .text.rotateMotor
                0x08001020       0x84 ./Src/motor.o
                0x08001020                rotateMotor
 .text.Omni_forward
                0x080010a4       0x30 ./Src/motor.o
                0x080010a4                Omni_forward
 .text.Omni_backward
                0x080010d4       0x30 ./Src/motor.o
                0x080010d4                Omni_backward
 .text.Omni_left
                0x08001104       0x30 ./Src/motor.o
                0x08001104                Omni_left
 .text.Omni_right
                0x08001134       0x30 ./Src/motor.o
                0x08001134                Omni_right
 .text.Omni_stop
                0x08001164       0x2c ./Src/motor.o
                0x08001164                Omni_stop
 .text.Omni_clockwise
                0x08001190       0x2c ./Src/motor.o
                0x08001190                Omni_clockwise
 .text.Omnicontrol
                0x080011bc       0x94 ./Src/motor.o
                0x080011bc                Omnicontrol
 .text.Timer7_init
                0x08001250       0x54 ./Src/motor.o
                0x08001250                Timer7_init
 .text.Timer6_init
                0x080012a4       0x54 ./Src/motor.o
                0x080012a4                Timer6_init
 .text.ChangetoRPM
                0x080012f8       0x8c ./Src/pid.o
                0x080012f8                ChangetoRPM
 .text.VelocityEn
                0x08001384       0x84 ./Src/pid.o
                0x08001384                VelocityEn
 .text.pid_control
                0x08001408      0x180 ./Src/pid.o
                0x08001408                pid_control
 .text.Pwm_init
                0x08001588      0x244 ./Src/pwm.o
                0x08001588                Pwm_init
 .text.__NVIC_EnableIRQ
                0x080017cc       0x3c ./Src/spi.o
 .text.__NVIC_SetPriority
                0x08001808       0x54 ./Src/spi.o
 .text.Spi_init
                0x0800185c       0xf0 ./Src/spi.o
                0x0800185c                Spi_init
 .text.Reset_Handler
                0x0800194c       0x50 ./Startup/startup_stm32g441cbtx.o
                0x0800194c                Reset_Handler
 .text.Default_Handler
                0x0800199c        0x2 ./Startup/startup_stm32g441cbtx.o
                0x0800199c                EXTI2_IRQHandler
                0x0800199c                TIM8_TRG_COM_IRQHandler
                0x0800199c                TIM8_CC_IRQHandler
                0x0800199c                DebugMon_Handler
                0x0800199c                DMA1_CH4_IRQHandler
                0x0800199c                TIM1_CC_IRQHandler
                0x0800199c                Cordic_IRQHandler
                0x0800199c                HardFault_Handler
                0x0800199c                USB_HP_IRQHandler
                0x0800199c                SysTick_Handler
                0x0800199c                PendSV_Handler
                0x0800199c                NMI_Handler
                0x0800199c                EXTI3_IRQHandler
                0x0800199c                I2C3_ER_IRQHandler
                0x0800199c                TIM6_DACUNDER_IRQHandler
                0x0800199c                EXTI0_IRQHandler
                0x0800199c                I2C2_EV_IRQHandler
                0x0800199c                DMA2_CH1_IRQHandler
                0x0800199c                FPU_IRQHandler
                0x0800199c                FDCAN1_IT1_IRQHandler
                0x0800199c                TIM1_UP_TIM16_IRQHandler
                0x0800199c                UsageFault_Handler
                0x0800199c                ADC1_2_IRQHandler
                0x0800199c                SPI1_IRQHandler
                0x0800199c                TIM8_UP_IRQHandler
                0x0800199c                USBWakeUP_IRQHandler
                0x0800199c                RTC_ALARM_IRQHandler
                0x0800199c                DMA1_CH6_IRQHandler
                0x0800199c                TIM20_TRG_COM_IRQHandler
                0x0800199c                USART3_IRQHandler
                0x0800199c                LPUART_IRQHandler
                0x0800199c                I2C1_EV_IRQHandler
                0x0800199c                DMA2_CH5_IRQHandler
                0x0800199c                UART4_IRQHandler
                0x0800199c                DMA1_CH3_IRQHandler
                0x0800199c                RCC_IRQHandler
                0x0800199c                TIM20_UP_IRQHandler
                0x0800199c                TIM1_TRG_COM_IRQHandler
                0x0800199c                Default_Handler
                0x0800199c                FMAC_IRQHandler
                0x0800199c                EXTI15_10_IRQHandler
                0x0800199c                UCPD1_IRQHandler
                0x0800199c                I2C3_EV_IRQHandler
                0x0800199c                EXTI9_5_IRQHandler
                0x0800199c                DMA1_CH2_IRQHandler
                0x0800199c                RTC_WKUP_IRQHandler
                0x0800199c                SAI_IRQHandler
                0x0800199c                PVD_PVM_IRQHandler
                0x0800199c                DMA1_CH1_IRQHandler
                0x0800199c                MemManage_Handler
                0x0800199c                SVC_Handler
                0x0800199c                CRS_IRQHandler
                0x0800199c                USB_LP_IRQHandler
                0x0800199c                EXTI4_IRQHandler
                0x0800199c                RNG_IRQHandler
                0x0800199c                WWDG_IRQHandler
                0x0800199c                FDCAN1_IT0_IRQHandler
                0x0800199c                TIM2_IRQHandler
                0x0800199c                COMP7_IRQHandler
                0x0800199c                COMP1_2_3_IRQHandler
                0x0800199c                EXTI1_IRQHandler
                0x0800199c                AES_IRQHandler
                0x0800199c                USART2_IRQHandler
                0x0800199c                COMP4_5_6_IRQHandler
                0x0800199c                TIM20_BRK_IRQHandler
                0x0800199c                I2C2_ER_IRQHandler
                0x0800199c                TIM8_BRK_IRQHandler
                0x0800199c                FLASH_IRQHandler
                0x0800199c                TIM20_CC_IRQHandler
                0x0800199c                BusFault_Handler
                0x0800199c                USART1_IRQHandler
                0x0800199c                SPI3_IRQHandler
                0x0800199c                DMA2_CH6_IRQHandler
                0x0800199c                DMA2_CH3_IRQHandler
                0x0800199c                DMA2_CH2_IRQHandler
                0x0800199c                I2C1_ER_IRQHandler
                0x0800199c                DMA1_CH5_IRQHandler
                0x0800199c                DMA2_CH4_IRQHandler
                0x0800199c                LPTIM1_IRQHandler
                0x0800199c                DMAMUX_OVR_IRQHandler
                0x0800199c                RTC_TAMP_CSS_LSE_IRQHandler
                0x0800199c                TIM1_BRK_TIM15_IRQHandler
 *fill*         0x0800199e        0x2 
 .text.__libc_init_array
                0x080019a0       0x48 C:/ST/STM32CubeIDE_1.17.0/STM32CubeIDE/plugins/com.st.stm32cube.ide.mcu.externaltools.gnu-tools-for-stm32.13.3.rel1.win32_1.0.0.202411081344/tools/bin/../lib/gcc/arm-none-eabi/13.3.1/../../../../arm-none-eabi/lib/thumb/v7e-m+fp/hard\libc_nano.a(libc_a-init.o)
                0x080019a0                __libc_init_array
 *(.glue_7)
 .glue_7        0x080019e8        0x0 linker stubs
 *(.glue_7t)
 .glue_7t       0x080019e8        0x0 linker stubs
 *(.eh_frame)
 .eh_frame      0x080019e8        0x0 C:/ST/STM32CubeIDE_1.17.0/STM32CubeIDE/plugins/com.st.stm32cube.ide.mcu.externaltools.gnu-tools-for-stm32.13.3.rel1.win32_1.0.0.202411081344/tools/bin/../lib/gcc/arm-none-eabi/13.3.1/thumb/v7e-m+fp/hard/crtbegin.o
 *(.init)
 .init          0x080019e8        0x4 C:/ST/STM32CubeIDE_1.17.0/STM32CubeIDE/plugins/com.st.stm32cube.ide.mcu.externaltools.gnu-tools-for-stm32.13.3.rel1.win32_1.0.0.202411081344/tools/bin/../lib/gcc/arm-none-eabi/13.3.1/thumb/v7e-m+fp/hard/crti.o
                0x080019e8                _init
 .init          0x080019ec        0x8 C:/ST/STM32CubeIDE_1.17.0/STM32CubeIDE/plugins/com.st.stm32cube.ide.mcu.externaltools.gnu-tools-for-stm32.13.3.rel1.win32_1.0.0.202411081344/tools/bin/../lib/gcc/arm-none-eabi/13.3.1/thumb/v7e-m+fp/hard/crtn.o
 *(.fini)
 .fini          0x080019f4        0x4 C:/ST/STM32CubeIDE_1.17.0/STM32CubeIDE/plugins/com.st.stm32cube.ide.mcu.externaltools.gnu-tools-for-stm32.13.3.rel1.win32_1.0.0.202411081344/tools/bin/../lib/gcc/arm-none-eabi/13.3.1/thumb/v7e-m+fp/hard/crti.o
                0x080019f4                _fini
 .fini          0x080019f8        0x8 C:/ST/STM32CubeIDE_1.17.0/STM32CubeIDE/plugins/com.st.stm32cube.ide.mcu.externaltools.gnu-tools-for-stm32.13.3.rel1.win32_1.0.0.202411081344/tools/bin/../lib/gcc/arm-none-eabi/13.3.1/thumb/v7e-m+fp/hard/crtn.o
                0x08001a00                        . = ALIGN (0x4)
                0x08001a00                        _etext = .

.vfp11_veneer   0x08001a00        0x0
 .vfp11_veneer  0x08001a00        0x0 linker stubs

.v4_bx          0x08001a00        0x0
 .v4_bx         0x08001a00        0x0 linker stubs

.iplt           0x08001a00        0x0
 .iplt          0x08001a00        0x0 C:/ST/STM32CubeIDE_1.17.0/STM32CubeIDE/plugins/com.st.stm32cube.ide.mcu.externaltools.gnu-tools-for-stm32.13.3.rel1.win32_1.0.0.202411081344/tools/bin/../lib/gcc/arm-none-eabi/13.3.1/thumb/v7e-m+fp/hard/crtbegin.o

.rodata         0x08001a00       0x38
                0x08001a00                        . = ALIGN (0x4)
 *(.rodata)
 .rodata        0x08001a00       0x38 ./Src/gpio.o
 *(.rodata*)
                0x08001a38                        . = ALIGN (0x4)

.ARM.extab      0x08001a38        0x0
                0x08001a38                        . = ALIGN (0x4)
 *(.ARM.extab* .gnu.linkonce.armextab.*)
                0x08001a38                        . = ALIGN (0x4)

.ARM            0x08001a38        0x0
                0x08001a38                        . = ALIGN (0x4)
                0x08001a38                        __exidx_start = .
 *(.ARM.exidx*)
                0x08001a38                        __exidx_end = .
                0x08001a38                        . = ALIGN (0x4)

.preinit_array  0x08001a38        0x0
                0x08001a38                        . = ALIGN (0x4)
                0x08001a38                        PROVIDE (__preinit_array_start = .)
 *(.preinit_array*)
                0x08001a38                        PROVIDE (__preinit_array_end = .)
                0x08001a38                        . = ALIGN (0x4)

.init_array     0x08001a38        0x4
                0x08001a38                        . = ALIGN (0x4)
                0x08001a38                        PROVIDE (__init_array_start = .)
 *(SORT_BY_NAME(.init_array.*))
 *(.init_array*)
 .init_array    0x08001a38        0x4 C:/ST/STM32CubeIDE_1.17.0/STM32CubeIDE/plugins/com.st.stm32cube.ide.mcu.externaltools.gnu-tools-for-stm32.13.3.rel1.win32_1.0.0.202411081344/tools/bin/../lib/gcc/arm-none-eabi/13.3.1/thumb/v7e-m+fp/hard/crtbegin.o
                0x08001a3c                        PROVIDE (__init_array_end = .)
                0x08001a3c                        . = ALIGN (0x4)

.fini_array     0x08001a3c        0x4
                0x08001a3c                        . = ALIGN (0x4)
                [!provide]                        PROVIDE (__fini_array_start = .)
 *(SORT_BY_NAME(.fini_array.*))
 *(.fini_array*)
 .fini_array    0x08001a3c        0x4 C:/ST/STM32CubeIDE_1.17.0/STM32CubeIDE/plugins/com.st.stm32cube.ide.mcu.externaltools.gnu-tools-for-stm32.13.3.rel1.win32_1.0.0.202411081344/tools/bin/../lib/gcc/arm-none-eabi/13.3.1/thumb/v7e-m+fp/hard/crtbegin.o
                [!provide]                        PROVIDE (__fini_array_end = .)
                0x08001a40                        . = ALIGN (0x4)
                0x08001a40                        _sidata = LOADADDR (.data)

.rel.dyn        0x08001a40        0x0
 .rel.iplt      0x08001a40        0x0 C:/ST/STM32CubeIDE_1.17.0/STM32CubeIDE/plugins/com.st.stm32cube.ide.mcu.externaltools.gnu-tools-for-stm32.13.3.rel1.win32_1.0.0.202411081344/tools/bin/../lib/gcc/arm-none-eabi/13.3.1/thumb/v7e-m+fp/hard/crtbegin.o

.data           0x20000000       0x60 load address 0x08001a40
                0x20000000                        . = ALIGN (0x4)
                0x20000000                        _sdata = .
 *(.data)
 *(.data*)
 .data.motorPin
                0x20000000       0x18 ./Src/motor.o
                0x20000000                motorPin
 .data.PIDControllers
                0x20000018       0x48 ./Src/pid.o
                0x20000018                PIDControllers
 *(.RamFunc)
 *(.RamFunc*)
                0x20000060                        . = ALIGN (0x4)
                0x20000060                        _edata = .
                0x08001aa0                        _siccmsram = LOADADDR (.ccmsram)

.igot.plt       0x20000060        0x0 load address 0x08001aa0
 .igot.plt      0x20000060        0x0 C:/ST/STM32CubeIDE_1.17.0/STM32CubeIDE/plugins/com.st.stm32cube.ide.mcu.externaltools.gnu-tools-for-stm32.13.3.rel1.win32_1.0.0.202411081344/tools/bin/../lib/gcc/arm-none-eabi/13.3.1/thumb/v7e-m+fp/hard/crtbegin.o

.ccmsram        0x10000000        0x0 load address 0x08001aa0
                0x10000000                        . = ALIGN (0x4)
                0x10000000                        _sccmsram = .
 *(.ccmsram)
 *(.ccmsram*)
                0x10000000                        . = ALIGN (0x4)
                0x10000000                        _eccmsram = .
                0x10000000                        . = ALIGN (0x4)

.bss            0x20000060       0x58
                0x20000060                        _sbss = .
                0x20000060                        __bss_start__ = _sbss
 *(.bss)
 .bss           0x20000060       0x1c C:/ST/STM32CubeIDE_1.17.0/STM32CubeIDE/plugins/com.st.stm32cube.ide.mcu.externaltools.gnu-tools-for-stm32.13.3.rel1.win32_1.0.0.202411081344/tools/bin/../lib/gcc/arm-none-eabi/13.3.1/thumb/v7e-m+fp/hard/crtbegin.o
 *(.bss*)
 .bss.encoder_count
                0x2000007c        0xc ./Src/encoder.o
                0x2000007c                encoder_count
 .bss.clock.0   0x20000088        0x2 ./Src/gpio.o
 .bss.spi_value
                0x2000008a        0x1 ./Src/main.o
                0x2000008a                spi_value
 *fill*         0x2000008b        0x1 
 .bss.setpoint_M1
                0x2000008c        0x2 ./Src/motor.o
                0x2000008c                setpoint_M1
 .bss.setpoint_M3
                0x2000008e        0x2 ./Src/motor.o
                0x2000008e                setpoint_M3
 .bss.setpoint_M4
                0x20000090        0x2 ./Src/motor.o
                0x20000090                setpoint_M4
 *fill*         0x20000092        0x2 
 .bss.Count     0x20000094       0x24 ./Src/pid.o
                0x20000094                Count
 *(COMMON)
                0x200000b8                        . = ALIGN (0x4)
                0x200000b8                        _ebss = .
                0x200000b8                        __bss_end__ = _ebss

._user_heap_stack
                0x200000b8      0x600
                0x200000b8                        . = ALIGN (0x8)
                [!provide]                        PROVIDE (end = .)
                0x200000b8                        PROVIDE (_end = .)
                0x200002b8                        . = (. + _Min_Heap_Size)
 *fill*         0x200000b8      0x200 
                0x200006b8                        . = (. + _Min_Stack_Size)
 *fill*         0x200002b8      0x400 
                0x200006b8                        . = ALIGN (0x8)

/DISCARD/
 libc.a(*)
 libm.a(*)
 libgcc.a(*)

.ARM.attributes
                0x00000000       0x30
 *(.ARM.attributes)
 .ARM.attributes
                0x00000000       0x22 C:/ST/STM32CubeIDE_1.17.0/STM32CubeIDE/plugins/com.st.stm32cube.ide.mcu.externaltools.gnu-tools-for-stm32.13.3.rel1.win32_1.0.0.202411081344/tools/bin/../lib/gcc/arm-none-eabi/13.3.1/thumb/v7e-m+fp/hard/crti.o
 .ARM.attributes
                0x00000022       0x34 C:/ST/STM32CubeIDE_1.17.0/STM32CubeIDE/plugins/com.st.stm32cube.ide.mcu.externaltools.gnu-tools-for-stm32.13.3.rel1.win32_1.0.0.202411081344/tools/bin/../lib/gcc/arm-none-eabi/13.3.1/thumb/v7e-m+fp/hard/crtbegin.o
 .ARM.attributes
                0x00000056       0x34 ./Src/Systemclock.o
 .ARM.attributes
                0x0000008a       0x34 ./Src/encoder.o
 .ARM.attributes
                0x000000be       0x34 ./Src/gpio.o
 .ARM.attributes
                0x000000f2       0x34 ./Src/main.o
 .ARM.attributes
                0x00000126       0x34 ./Src/motor.o
 .ARM.attributes
                0x0000015a       0x34 ./Src/pid.o
 .ARM.attributes
                0x0000018e       0x34 ./Src/pwm.o
 .ARM.attributes
                0x000001c2       0x34 ./Src/spi.o
 .ARM.attributes
                0x000001f6       0x21 ./Startup/startup_stm32g441cbtx.o
 .ARM.attributes
                0x00000217       0x34 C:/ST/STM32CubeIDE_1.17.0/STM32CubeIDE/plugins/com.st.stm32cube.ide.mcu.externaltools.gnu-tools-for-stm32.13.3.rel1.win32_1.0.0.202411081344/tools/bin/../lib/gcc/arm-none-eabi/13.3.1/../../../../arm-none-eabi/lib/thumb/v7e-m+fp/hard\libc_nano.a(libc_a-init.o)
 .ARM.attributes
                0x0000024b       0x22 C:/ST/STM32CubeIDE_1.17.0/STM32CubeIDE/plugins/com.st.stm32cube.ide.mcu.externaltools.gnu-tools-for-stm32.13.3.rel1.win32_1.0.0.202411081344/tools/bin/../lib/gcc/arm-none-eabi/13.3.1/thumb/v7e-m+fp/hard\libgcc.a(_arm_muldf3.o)
 .ARM.attributes
                0x0000026d       0x22 C:/ST/STM32CubeIDE_1.17.0/STM32CubeIDE/plugins/com.st.stm32cube.ide.mcu.externaltools.gnu-tools-for-stm32.13.3.rel1.win32_1.0.0.202411081344/tools/bin/../lib/gcc/arm-none-eabi/13.3.1/thumb/v7e-m+fp/hard\libgcc.a(_arm_addsubdf3.o)
 .ARM.attributes
                0x0000028f       0x22 C:/ST/STM32CubeIDE_1.17.0/STM32CubeIDE/plugins/com.st.stm32cube.ide.mcu.externaltools.gnu-tools-for-stm32.13.3.rel1.win32_1.0.0.202411081344/tools/bin/../lib/gcc/arm-none-eabi/13.3.1/thumb/v7e-m+fp/hard\libgcc.a(_arm_truncdfsf2.o)
 .ARM.attributes
                0x000002b1       0x22 C:/ST/STM32CubeIDE_1.17.0/STM32CubeIDE/plugins/com.st.stm32cube.ide.mcu.externaltools.gnu-tools-for-stm32.13.3.rel1.win32_1.0.0.202411081344/tools/bin/../lib/gcc/arm-none-eabi/13.3.1/thumb/v7e-m+fp/hard/crtn.o
OUTPUT(Omni_car.elf elf32-littlearm)
LOAD linker stubs
LOAD C:/ST/STM32CubeIDE_1.17.0/STM32CubeIDE/plugins/com.st.stm32cube.ide.mcu.externaltools.gnu-tools-for-stm32.13.3.rel1.win32_1.0.0.202411081344/tools/bin/../lib/gcc/arm-none-eabi/13.3.1/../../../../arm-none-eabi/lib/thumb/v7e-m+fp/hard\libc.a
LOAD C:/ST/STM32CubeIDE_1.17.0/STM32CubeIDE/plugins/com.st.stm32cube.ide.mcu.externaltools.gnu-tools-for-stm32.13.3.rel1.win32_1.0.0.202411081344/tools/bin/../lib/gcc/arm-none-eabi/13.3.1/../../../../arm-none-eabi/lib/thumb/v7e-m+fp/hard\libm.a
LOAD C:/ST/STM32CubeIDE_1.17.0/STM32CubeIDE/plugins/com.st.stm32cube.ide.mcu.externaltools.gnu-tools-for-stm32.13.3.rel1.win32_1.0.0.202411081344/tools/bin/../lib/gcc/arm-none-eabi/13.3.1/thumb/v7e-m+fp/hard\libgcc.a

.debug_info     0x00000000     0x389f
 .debug_info    0x00000000      0x4ef ./Src/Systemclock.o
 .debug_info    0x000004ef      0x970 ./Src/encoder.o
 .debug_info    0x00000e5f      0x496 ./Src/gpio.o
 .debug_info    0x000012f5      0x7c4 ./Src/main.o
 .debug_info    0x00001ab9      0xbaa ./Src/motor.o
 .debug_info    0x00002663      0x2ef ./Src/pid.o
 .debug_info    0x00002952      0x55b ./Src/pwm.o
 .debug_info    0x00002ead      0x9c2 ./Src/spi.o
 .debug_info    0x0000386f       0x30 ./Startup/startup_stm32g441cbtx.o

.debug_abbrev   0x00000000      0xbe3
 .debug_abbrev  0x00000000       0xb4 ./Src/Systemclock.o
 .debug_abbrev  0x000000b4      0x1ba ./Src/encoder.o
 .debug_abbrev  0x0000026e      0x119 ./Src/gpio.o
 .debug_abbrev  0x00000387      0x1e2 ./Src/main.o
 .debug_abbrev  0x00000569      0x212 ./Src/motor.o
 .debug_abbrev  0x0000077b      0x193 ./Src/pid.o
 .debug_abbrev  0x0000090e      0x136 ./Src/pwm.o
 .debug_abbrev  0x00000a44      0x17b ./Src/spi.o
 .debug_abbrev  0x00000bbf       0x24 ./Startup/startup_stm32g441cbtx.o

.debug_aranges  0x00000000      0x1f0
 .debug_aranges
                0x00000000       0x20 ./Src/Systemclock.o
 .debug_aranges
                0x00000020       0x40 ./Src/encoder.o
 .debug_aranges
                0x00000060       0x30 ./Src/gpio.o
 .debug_aranges
                0x00000090       0x30 ./Src/main.o
 .debug_aranges
                0x000000c0       0x80 ./Src/motor.o
 .debug_aranges
                0x00000140       0x30 ./Src/pid.o
 .debug_aranges
                0x00000170       0x28 ./Src/pwm.o
 .debug_aranges
                0x00000198       0x30 ./Src/spi.o
 .debug_aranges
                0x000001c8       0x28 ./Startup/startup_stm32g441cbtx.o

.debug_rnglists
                0x00000000      0x154
 .debug_rnglists
                0x00000000       0x14 ./Src/Systemclock.o
 .debug_rnglists
                0x00000014       0x2c ./Src/encoder.o
 .debug_rnglists
                0x00000040       0x20 ./Src/gpio.o
 .debug_rnglists
                0x00000060       0x21 ./Src/main.o
 .debug_rnglists
                0x00000081       0x5d ./Src/motor.o
 .debug_rnglists
                0x000000de       0x22 ./Src/pid.o
 .debug_rnglists
                0x00000100       0x1b ./Src/pwm.o
 .debug_rnglists
                0x0000011b       0x20 ./Src/spi.o
 .debug_rnglists
                0x0000013b       0x19 ./Startup/startup_stm32g441cbtx.o

.debug_macro    0x00000000    0x153a8
 .debug_macro   0x00000000       0xd7 ./Src/Systemclock.o
 .debug_macro   0x000000d7      0xae4 ./Src/Systemclock.o
 .debug_macro   0x00000bbb       0x28 ./Src/Systemclock.o
 .debug_macro   0x00000be3       0x28 ./Src/Systemclock.o
 .debug_macro   0x00000c0b       0x22 ./Src/Systemclock.o
 .debug_macro   0x00000c2d       0x8e ./Src/Systemclock.o
 .debug_macro   0x00000cbb       0x51 ./Src/Systemclock.o
 .debug_macro   0x00000d0c      0x103 ./Src/Systemclock.o
 .debug_macro   0x00000e0f       0x6a ./Src/Systemclock.o
 .debug_macro   0x00000e79      0x1df ./Src/Systemclock.o
 .debug_macro   0x00001058       0x1c ./Src/Systemclock.o
 .debug_macro   0x00001074       0x22 ./Src/Systemclock.o
 .debug_macro   0x00001096       0xfb ./Src/Systemclock.o
 .debug_macro   0x00001191     0x1011 ./Src/Systemclock.o
 .debug_macro   0x000021a2      0x11f ./Src/Systemclock.o
 .debug_macro   0x000022c1    0x11732 ./Src/Systemclock.o
 .debug_macro   0x000139f3       0x6d ./Src/Systemclock.o
 .debug_macro   0x00013a60       0xe0 ./Src/encoder.o
 .debug_macro   0x00013b40      0x17e ./Src/encoder.o
 .debug_macro   0x00013cbe       0xdc ./Src/gpio.o
 .debug_macro   0x00013d9a      0x178 ./Src/gpio.o
 .debug_macro   0x00013f12      0x208 ./Src/main.o
 .debug_macro   0x0001411a       0x2a ./Src/main.o
 .debug_macro   0x00014144       0x61 ./Src/main.o
 .debug_macro   0x000141a5       0x43 ./Src/main.o
 .debug_macro   0x000141e8       0x34 ./Src/main.o
 .debug_macro   0x0001421c       0x16 ./Src/main.o
 .debug_macro   0x00014232      0x11c ./Src/main.o
 .debug_macro   0x0001434e       0x9b ./Src/main.o
 .debug_macro   0x000143e9      0x370 ./Src/main.o
 .debug_macro   0x00014759       0x16 ./Src/main.o
 .debug_macro   0x0001476f       0x4a ./Src/main.o
 .debug_macro   0x000147b9       0x34 ./Src/main.o
 .debug_macro   0x000147ed       0x10 ./Src/main.o
 .debug_macro   0x000147fd       0x58 ./Src/main.o
 .debug_macro   0x00014855       0x8e ./Src/main.o
 .debug_macro   0x000148e3       0x1c ./Src/main.o
 .debug_macro   0x000148ff      0x185 ./Src/main.o
 .debug_macro   0x00014a84       0x16 ./Src/main.o
 .debug_macro   0x00014a9a       0x29 ./Src/main.o
 .debug_macro   0x00014ac3       0x16 ./Src/main.o
 .debug_macro   0x00014ad9      0x1e4 ./Src/motor.o
 .debug_macro   0x00014cbd      0x1e3 ./Src/pid.o
 .debug_macro   0x00014ea0       0x16 ./Src/pid.o
 .debug_macro   0x00014eb6       0x9e ./Src/pid.o
 .debug_macro   0x00014f54      0x112 ./Src/pid.o
 .debug_macro   0x00015066       0x10 ./Src/pid.o
 .debug_macro   0x00015076       0x16 ./Src/pid.o
 .debug_macro   0x0001508c       0x16 ./Src/pid.o
 .debug_macro   0x000150a2      0x146 ./Src/pid.o
 .debug_macro   0x000151e8       0xe0 ./Src/pwm.o
 .debug_macro   0x000152c8       0xe0 ./Src/spi.o

.debug_line     0x00000000     0x3af1
 .debug_line    0x00000000      0x64d ./Src/Systemclock.o
 .debug_line    0x0000064d      0x6f9 ./Src/encoder.o
 .debug_line    0x00000d46      0x6c7 ./Src/gpio.o
 .debug_line    0x0000140d      0x7d7 ./Src/main.o
 .debug_line    0x00001be4      0x926 ./Src/motor.o
 .debug_line    0x0000250a      0x836 ./Src/pid.o
 .debug_line    0x00002d40      0x6d5 ./Src/pwm.o
 .debug_line    0x00003415      0x661 ./Src/spi.o
 .debug_line    0x00003a76       0x7b ./Startup/startup_stm32g441cbtx.o

.debug_str      0x00000000    0x756ed
 .debug_str     0x00000000    0x756ed ./Src/Systemclock.o
                              0x71048 (size before relaxing)
 .debug_str     0x000756ed    0x71839 ./Src/encoder.o
 .debug_str     0x000756ed    0x7132f ./Src/gpio.o
 .debug_str     0x000756ed    0x74a09 ./Src/main.o
 .debug_str     0x000756ed    0x74f51 ./Src/motor.o
 .debug_str     0x000756ed    0x74d70 ./Src/pid.o
 .debug_str     0x000756ed    0x7136a ./Src/pwm.o
 .debug_str     0x000756ed    0x71825 ./Src/spi.o
 .debug_str     0x000756ed       0xad ./Startup/startup_stm32g441cbtx.o

.comment        0x00000000       0x43
 .comment       0x00000000       0x43 ./Src/Systemclock.o
                                 0x44 (size before relaxing)
 .comment       0x00000043       0x44 ./Src/encoder.o
 .comment       0x00000043       0x44 ./Src/gpio.o
 .comment       0x00000043       0x44 ./Src/main.o
 .comment       0x00000043       0x44 ./Src/motor.o
 .comment       0x00000043       0x44 ./Src/pid.o
 .comment       0x00000043       0x44 ./Src/pwm.o
 .comment       0x00000043       0x44 ./Src/spi.o

.debug_frame    0x00000000      0x63c
 .debug_frame   0x00000000       0x30 ./Src/Systemclock.o
 .debug_frame   0x00000030       0xc4 ./Src/encoder.o
 .debug_frame   0x000000f4       0x8c ./Src/gpio.o
 .debug_frame   0x00000180       0x6c ./Src/main.o
 .debug_frame   0x000001ec      0x1c0 ./Src/motor.o
 .debug_frame   0x000003ac       0x84 ./Src/pid.o
 .debug_frame   0x00000430       0x5c ./Src/pwm.o
 .debug_frame   0x0000048c       0x84 ./Src/spi.o
 .debug_frame   0x00000510       0x2c C:/ST/STM32CubeIDE_1.17.0/STM32CubeIDE/plugins/com.st.stm32cube.ide.mcu.externaltools.gnu-tools-for-stm32.13.3.rel1.win32_1.0.0.202411081344/tools/bin/../lib/gcc/arm-none-eabi/13.3.1/../../../../arm-none-eabi/lib/thumb/v7e-m+fp/hard\libc_nano.a(libc_a-init.o)
 .debug_frame   0x0000053c       0x30 C:/ST/STM32CubeIDE_1.17.0/STM32CubeIDE/plugins/com.st.stm32cube.ide.mcu.externaltools.gnu-tools-for-stm32.13.3.rel1.win32_1.0.0.202411081344/tools/bin/../lib/gcc/arm-none-eabi/13.3.1/thumb/v7e-m+fp/hard\libgcc.a(_arm_muldf3.o)
 .debug_frame   0x0000056c       0xac C:/ST/STM32CubeIDE_1.17.0/STM32CubeIDE/plugins/com.st.stm32cube.ide.mcu.externaltools.gnu-tools-for-stm32.13.3.rel1.win32_1.0.0.202411081344/tools/bin/../lib/gcc/arm-none-eabi/13.3.1/thumb/v7e-m+fp/hard\libgcc.a(_arm_addsubdf3.o)
 .debug_frame   0x00000618       0x24 C:/ST/STM32CubeIDE_1.17.0/STM32CubeIDE/plugins/com.st.stm32cube.ide.mcu.externaltools.gnu-tools-for-stm32.13.3.rel1.win32_1.0.0.202411081344/tools/bin/../lib/gcc/arm-none-eabi/13.3.1/thumb/v7e-m+fp/hard\libgcc.a(_arm_truncdfsf2.o)

.debug_line_str
                0x00000000       0x91
 .debug_line_str
                0x00000000       0x91 ./Startup/startup_stm32g441cbtx.o
